$# Creating journal file C:\Users\mathismiroux\OneDrive - Delft University of 
$# Technology\Documents\PhD_code\Structural_code\test_blade.db.jou at 
$# 19-Sep-25 16:47:00
uil_file_rebuild.start("C:\Program Files\MSC.Software\Patran_x64\20242/tem" // @
"plate.db","C:\Users\mathismiroux\OneDrive - Delft University of Technolog" // @
"y\Documents\PhD_code\Structural_code\test_blade.db")
$# Synchronizing the User Data Manager
set_current_dir( "C:\Users\mathismiroux\OneDrive - Delft University of Tec" // @
"hnology\Documents\PhD_code\Structural_code" )
$# The current working directory has been changed to the database location 
$# shown.                                                                     
$#                                                                            
$#                                   
ui_exec_function( "mesh_seed_display_mgr", "init" )
mesh_seed_display_mgr.erase(  )
insight.initialize(  )
$# Error reported from application INSIGHT
$#     The current database has no finite element entities.  The Insight 
$# application cannot be initialized.
$? NO 27001005 
$# Flushing the User Data Manager
$# Journal file stopped recording at 20-Sep-25 16:51:20
